0 verbose cli /opt/homebrew/Cellar/node@24/24.16.0/bin/node /opt/homebrew/bin/npm
1 info using npm@11.13.0
2 info using node@v24.16.0
3 silly config load:file:/opt/homebrew/Cellar/node@24/24.16.0/lib/node_modules/npm/npmrc
4 silly config load:file:/Users/arnav/Documents/DristiOS-main/visualizer/.npmrc
5 silly config load:file:/Users/arnav/.npmrc
6 silly config load:file:/opt/homebrew/etc/npmrc
7 verbose title npm install electron@33.4.11
8 verbose argv "install" "electron@33.4.11" "--save-dev" "--cache" ".npm-cache"
9 verbose logfile logs-max:10 dir:/Users/arnav/Documents/DristiOS-main/visualizer/.npm-cache/_logs/2026-06-06T16_31_15_050Z-
10 verbose logfile /Users/arnav/Documents/DristiOS-main/visualizer/.npm-cache/_logs/2026-06-06T16_31_15_050Z-debug-0.log
11 silly logfile done cleaning log files
12 silly packumentCache heap:4496293888 maxSize:1124073472 maxEntrySize:562036736
13 verbose shrinkwrap failed to load node_modules/.package-lock.json out of date, updated: node_modules
14 silly idealTree buildDeps
15 silly fetch manifest electron@33.4.11
16 silly packumentCache full:https://registry.npmjs.org/electron cache-miss
17 http fetch GET 200 https://registry.npmjs.org/electron 519ms (cache miss)
18 silly packumentCache full:https://registry.npmjs.org/electron set size:undefined disposed:false
19 silly placeDep ROOT electron@33.4.11 REPLACE for: audio-visualizer@1.0.0 want: 33.4.11
20 silly reify moves {}
21 silly audit bulk request {
21 silly audit   '@babel/code-frame': [ '7.29.0' ],
21 silly audit   '@babel/compat-data': [ '7.29.0' ],
21 silly audit   '@babel/core': [ '7.29.0' ],
21 silly audit   '@babel/generator': [ '7.29.1' ],
21 silly audit   '@babel/helper-compilation-targets': [ '7.28.6' ],
21 silly audit   '@babel/helper-globals': [ '7.28.0' ],
21 silly audit   '@babel/helper-module-imports': [ '7.28.6' ],
21 silly audit   '@babel/helper-module-transforms': [ '7.28.6' ],
21 silly audit   '@babel/helper-plugin-utils': [ '7.28.6' ],
21 silly audit   '@babel/helper-string-parser': [ '7.27.1' ],
21 silly audit   '@babel/helper-validator-identifier': [ '7.28.5' ],
21 silly audit   '@babel/helper-validator-option': [ '7.27.1' ],
21 silly audit   '@babel/helpers': [ '7.28.6' ],
21 silly audit   '@babel/parser': [ '7.29.0' ],
21 silly audit   '@babel/plugin-transform-react-jsx-self': [ '7.27.1' ],
21 silly audit   '@babel/plugin-transform-react-jsx-source': [ '7.27.1' ],
21 silly audit   '@babel/template': [ '7.28.6' ],
21 silly audit   '@babel/traverse': [ '7.29.0' ],
21 silly audit   '@babel/types': [ '7.29.0' ],
21 silly audit   '@electron/get': [ '2.0.3' ],
21 silly audit   '@esbuild/aix-ppc64': [ '0.25.12' ],
21 silly audit   '@esbuild/android-arm': [ '0.25.12' ],
21 silly audit   '@esbuild/android-arm64': [ '0.25.12' ],
21 silly audit   '@esbuild/android-x64': [ '0.25.12' ],
21 silly audit   '@esbuild/darwin-arm64': [ '0.25.12' ],
21 silly audit   '@esbuild/darwin-x64': [ '0.25.12' ],
21 silly audit   '@esbuild/freebsd-arm64': [ '0.25.12' ],
21 silly audit   '@esbuild/freebsd-x64': [ '0.25.12' ],
21 silly audit   '@esbuild/linux-arm': [ '0.25.12' ],
21 silly audit   '@esbuild/linux-arm64': [ '0.25.12' ],
21 silly audit   '@esbuild/linux-ia32': [ '0.25.12' ],
21 silly audit   '@esbuild/linux-loong64': [ '0.25.12' ],
21 silly audit   '@esbuild/linux-mips64el': [ '0.25.12' ],
21 silly audit   '@esbuild/linux-ppc64': [ '0.25.12' ],
21 silly audit   '@esbuild/linux-riscv64': [ '0.25.12' ],
21 silly audit   '@esbuild/linux-s390x': [ '0.25.12' ],
21 silly audit   '@esbuild/linux-x64': [ '0.25.12' ],
21 silly audit   '@esbuild/netbsd-arm64': [ '0.25.12' ],
21 silly audit   '@esbuild/netbsd-x64': [ '0.25.12' ],
21 silly audit   '@esbuild/openbsd-arm64': [ '0.25.12' ],
21 silly audit   '@esbuild/openbsd-x64': [ '0.25.12' ],
21 silly audit   '@esbuild/openharmony-arm64': [ '0.25.12' ],
21 silly audit   '@esbuild/sunos-x64': [ '0.25.12' ],
21 silly audit   '@esbuild/win32-arm64': [ '0.25.12' ],
21 silly audit   '@esbuild/win32-ia32': [ '0.25.12' ],
21 silly audit   '@esbuild/win32-x64': [ '0.25.12' ],
21 silly audit   '@hapi/address': [ '5.1.1' ],
21 silly audit   '@hapi/formula': [ '3.0.2' ],
21 silly audit   '@hapi/hoek': [ '11.0.7' ],
21 silly audit   '@hapi/pinpoint': [ '2.0.1' ],
21 silly audit   '@hapi/tlds': [ '1.1.5' ],
21 silly audit   '@hapi/topo': [ '6.0.2' ],
21 silly audit   '@jridgewell/gen-mapping': [ '0.3.13' ],
21 silly audit   '@jridgewell/remapping': [ '2.3.5' ],
21 silly audit   '@jridgewell/resolve-uri': [ '3.1.2' ],
21 silly audit   '@jridgewell/sourcemap-codec': [ '1.5.5' ],
21 silly audit   '@jridgewell/trace-mapping': [ '0.3.31' ],
21 silly audit   '@rolldown/pluginutils': [ '1.0.0-beta.27' ],
21 silly audit   '@rollup/rollup-android-arm-eabi': [ '4.57.1' ],
21 silly audit   '@rollup/rollup-android-arm64': [ '4.57.1' ],
21 silly audit   '@rollup/rollup-darwin-arm64': [ '4.57.1' ],
21 silly audit   '@rollup/rollup-darwin-x64': [ '4.57.1' ],
21 silly audit   '@rollup/rollup-freebsd-arm64': [ '4.57.1' ],
21 silly audit   '@rollup/rollup-freebsd-x64': [ '4.57.1' ],
21 silly audit   '@rollup/rollup-linux-arm-gnueabihf': [ '4.57.1' ],
21 silly audit   '@rollup/rollup-linux-arm-musleabihf': [ '4.57.1' ],
21 silly audit   '@rollup/rollup-linux-arm64-gnu': [ '4.57.1' ],
21 silly audit   '@rollup/rollup-linux-arm64-musl': [ '4.57.1' ],
21 silly audit   '@rollup/rollup-linux-loong64-gnu': [ '4.57.1' ],
21 silly audit   '@rollup/rollup-linux-loong64-musl': [ '4.57.1' ],
21 silly audit   '@rollup/rollup-linux-ppc64-gnu': [ '4.57.1' ],
21 silly audit   '@rollup/rollup-linux-ppc64-musl': [ '4.57.1' ],
21 silly audit   '@rollup/rollup-linux-riscv64-gnu': [ '4.57.1' ],
21 silly audit   '@rollup/rollup-linux-riscv64-musl': [ '4.57.1' ],
21 silly audit   '@rollup/rollup-linux-s390x-gnu': [ '4.57.1' ],
21 silly audit   '@rollup/rollup-linux-x64-gnu': [ '4.57.1' ],
21 silly audit   '@rollup/rollup-linux-x64-musl': [ '4.57.1' ],
21 silly audit   '@rollup/rollup-openbsd-x64': [ '4.57.1' ],
21 silly audit   '@rollup/rollup-openharmony-arm64': [ '4.57.1' ],
21 silly audit   '@rollup/rollup-win32-arm64-msvc': [ '4.57.1' ],
21 silly audit   '@rollup/rollup-win32-ia32-msvc': [ '4.57.1' ],
21 silly audit   '@rollup/rollup-win32-x64-gnu': [ '4.57.1' ],
21 silly audit   '@rollup/rollup-win32-x64-msvc': [ '4.57.1' ],
21 silly audit   '@sindresorhus/is': [ '4.6.0' ],
21 silly audit   '@socket.io/component-emitter': [ '3.1.2' ],
21 silly audit   '@standard-schema/spec': [ '1.1.0' ],
21 silly audit   '@szmarczak/http-timer': [ '4.0.6' ],
21 silly audit   '@types/babel__core': [ '7.20.5' ],
21 silly audit   '@types/babel__generator': [ '7.27.0' ],
21 silly audit   '@types/babel__template': [ '7.4.4' ],
21 silly audit   '@types/babel__traverse': [ '7.28.0' ],
21 silly audit   '@types/cacheable-request': [ '6.0.3' ],
21 silly audit   '@types/estree': [ '1.0.8' ],
21 silly audit   '@types/http-cache-semantics': [ '4.2.0' ],
21 silly audit   '@types/keyv': [ '3.1.4' ],
21 silly audit   '@types/node': [ '20.19.33' ],
21 silly audit   '@types/react': [ '19.2.14' ],
21 silly audit   '@types/react-dom': [ '19.2.3' ],
21 silly audit   '@types/responselike': [ '1.0.3' ],
21 silly audit   '@types/stats.js': [ '0.17.4' ],
21 silly audit   '@types/three': [ '0.158.3' ],
21 silly audit   '@types/webxr': [ '0.5.24' ],
21 silly audit   '@types/yauzl': [ '2.10.3' ],
21 silly audit   '@vitejs/plugin-react': [ '4.7.0' ],
21 silly audit   'ansi-regex': [ '5.0.1' ],
21 silly audit   'ansi-styles': [ '4.3.0' ],
21 silly audit   asynckit: [ '0.4.0' ],
21 silly audit   axios: [ '1.13.5' ],
21 silly audit   'baseline-browser-mapping': [ '2.9.19' ],
21 silly audit   boolean: [ '3.2.0' ],
21 silly audit   browserslist: [ '4.28.1' ],
21 silly audit   'buffer-crc32': [ '0.2.13' ],
21 silly audit   'cacheable-lookup': [ '5.0.4' ],
21 silly audit   'cacheable-request': [ '7.0.4' ],
21 silly audit   'call-bind-apply-helpers': [ '1.0.2' ],
21 silly audit   'caniuse-lite': [ '1.0.30001769' ],
21 silly audit   chalk: [ '4.1.2' ],
21 silly audit   'supports-color': [ '7.2.0', '8.1.1' ],
21 silly audit   cliui: [ '8.0.1' ],
21 silly audit   'clone-response': [ '1.0.3' ],
21 silly audit   'color-convert': [ '2.0.1' ],
21 silly audit   'color-name': [ '1.1.4' ],
21 silly audit   'combined-stream': [ '1.0.8' ],
21 silly audit   concurrently: [ '9.2.1' ],
21 silly audit   'convert-source-map': [ '2.0.0' ],
21 silly audit   'cross-env': [ '7.0.3' ],
21 silly audit   'cross-spawn': [ '7.0.6' ],
21 silly audit   csstype: [ '3.2.3' ],
21 silly audit   debug: [ '4.4.3' ],
21 silly audit   'decompress-response': [ '6.0.0' ],
21 silly audit   'mimic-response': [ '3.1.0', '1.0.1' ],
21 silly audit   'defer-to-connect': [ '2.0.1' ],
21 silly audit   'define-data-property': [ '1.1.4' ],
21 silly audit   'define-properties': [ '1.2.1' ],
21 silly audit   'delayed-stream': [ '1.0.0' ],
21 silly audit   'detect-node': [ '2.1.0' ],
21 silly audit   'dunder-proto': [ '1.0.1' ],
21 silly audit   'electron-to-chromium': [ '1.5.286' ],
21 silly audit   'emoji-regex': [ '8.0.0' ],
21 silly audit   'end-of-stream': [ '1.4.5' ],
21 silly audit   'engine.io-client': [ '6.6.4' ],
21 silly audit   'engine.io-parser': [ '5.2.3' ],
21 silly audit   'env-paths': [ '2.2.1' ],
21 silly audit   'es-define-property': [ '1.0.1' ],
21 silly audit   'es-errors': [ '1.3.0' ],
21 silly audit   'es-object-atoms': [ '1.1.1' ],
21 silly audit   'es-set-tostringtag': [ '2.1.0' ],
21 silly audit   'es6-error': [ '4.1.1' ],
21 silly audit   esbuild: [ '0.25.12' ],
21 silly audit   escalade: [ '3.2.0' ],
21 silly audit   'escape-string-regexp': [ '4.0.0' ],
21 silly audit   'extract-zip': [ '2.0.1' ],
21 silly audit   'fd-slicer': [ '1.1.0' ],
21 silly audit   fdir: [ '6.5.0' ],
21 silly audit   fflate: [ '0.6.10' ],
21 silly audit   'follow-redirects': [ '1.15.11' ],
21 silly audit   'form-data': [ '4.0.5' ],
21 silly audit   'fs-extra': [ '8.1.0' ],
21 silly audit   fsevents: [ '2.3.3' ],
21 silly audit   'function-bind': [ '1.1.2' ],
21 silly audit   gensync: [ '1.0.0-beta.2' ],
21 silly audit   'get-caller-file': [ '2.0.5' ],
21 silly audit   'get-intrinsic': [ '1.3.0' ],
21 silly audit   'get-proto': [ '1.0.1' ],
21 silly audit   'get-stream': [ '5.2.0' ],
21 silly audit   'global-agent': [ '3.0.0' ],
21 silly audit   semver: [ '7.7.4', '6.3.1' ],
21 silly audit   globalthis: [ '1.0.4' ],
21 silly audit   gopd: [ '1.2.0' ],
21 silly audit   got: [ '11.8.6' ],
21 silly audit   'graceful-fs': [ '4.2.11' ],
21 silly audit   'has-flag': [ '4.0.0' ],
21 silly audit   'has-property-descriptors': [ '1.0.2' ],
21 silly audit   'has-symbols': [ '1.1.0' ],
21 silly audit   'has-tostringtag': [ '1.0.2' ],
21 silly audit   hasown: [ '2.0.2' ],
21 silly audit   'http-cache-semantics': [ '4.2.0' ],
21 silly audit   'http2-wrapper': [ '1.0.3' ],
21 silly audit   'is-fullwidth-code-point': [ '3.0.0' ],
21 silly audit   isexe: [ '2.0.0' ],
21 silly audit   joi: [ '18.0.2' ],
21 silly audit   'js-tokens': [ '4.0.0' ],
21 silly audit   jsesc: [ '3.1.0' ],
21 silly audit   'json-buffer': [ '3.0.1' ],
21 silly audit   'json-stringify-safe': [ '5.0.1' ],
21 silly audit   json5: [ '2.2.3' ],
21 silly audit   jsonfile: [ '4.0.0' ],
21 silly audit   keyv: [ '4.5.4' ],
21 silly audit   lodash: [ '4.17.23' ],
21 silly audit   'lowercase-keys': [ '2.0.0' ],
21 silly audit   'lru-cache': [ '5.1.1' ],
21 silly audit   matcher: [ '3.0.0' ],
21 silly audit   'math-intrinsics': [ '1.1.0' ],
21 silly audit   meshoptimizer: [ '0.18.1' ],
21 silly audit   'mime-db': [ '1.52.0' ],
21 silly audit   'mime-types': [ '2.1.35' ],
21 silly audit   minimist: [ '1.2.8' ],
21 silly audit   ms: [ '2.1.3' ],
21 silly audit   nanoid: [ '3.3.11' ],
21 silly audit   'node-releases': [ '2.0.27' ],
21 silly audit   'normalize-url': [ '6.1.0' ],
21 silly audit   'object-keys': [ '1.1.1' ],
21 silly audit   once: [ '1.4.0' ],
21 silly audit   'p-cancelable': [ '2.1.1' ],
21 silly audit   'path-key': [ '3.1.1' ],
21 silly audit   pend: [ '1.2.0' ],
21 silly audit   picocolors: [ '1.1.1' ],
21 silly audit   picomatch: [ '4.0.3' ],
21 silly audit   postcss: [ '8.5.6' ],
21 silly audit   progress: [ '2.0.3' ],
21 silly audit   'proxy-from-env': [ '1.1.0' ],
21 silly audit   pump: [ '3.0.3' ],
21 silly audit   'quick-lru': [ '5.1.1' ],
21 silly audit   react: [ '19.2.4' ],
21 silly audit   'react-dom': [ '19.2.4' ],
21 silly audit   'react-refresh': [ '0.17.0' ],
21 silly audit   'require-directory': [ '2.1.1' ],
21 silly audit   'resolve-alpn': [ '1.2.1' ],
21 silly audit   responselike: [ '2.0.1' ],
21 silly audit   roarr: [ '2.15.4' ],
21 silly audit   rollup: [ '4.57.1' ],
21 silly audit   rxjs: [ '7.8.2' ],
21 silly audit   scheduler: [ '0.27.0' ],
21 silly audit   'semver-compare': [ '1.0.0' ],
21 silly audit   'serialize-error': [ '7.0.1' ],
21 silly audit   'shebang-command': [ '2.0.0' ],
21 silly audit   'shebang-regex': [ '3.0.0' ],
21 silly audit   'shell-quote': [ '1.8.3' ],
21 silly audit   'socket.io-client': [ '4.8.3' ],
21 silly audit   'socket.io-parser': [ '4.2.5' ],
21 silly audit   'source-map-js': [ '1.2.1' ],
21 silly audit   'sprintf-js': [ '1.1.3' ],
21 silly audit   'string-width': [ '4.2.3' ],
21 silly audit   'strip-ansi': [ '6.0.1' ],
21 silly audit   sumchecker: [ '3.0.1' ],
21 silly audit   three: [ '0.158.0' ],
21 silly audit   tinyglobby: [ '0.2.15' ],
21 silly audit   'tree-kill': [ '1.2.2' ],
21 silly audit   tslib: [ '2.8.1' ],
21 silly audit   'type-fest': [ '0.13.1' ],
21 silly audit   typescript: [ '5.9.3' ],
21 silly audit   'undici-types': [ '6.21.0' ],
21 silly audit   universalify: [ '0.1.2' ],
21 silly audit   'update-browserslist-db': [ '1.2.3' ],
21 silly audit   vite: [ '6.4.1' ],
21 silly audit   'wait-on': [ '8.0.5' ],
21 silly audit   which: [ '2.0.2' ],
21 silly audit   'wrap-ansi': [ '7.0.0' ],
21 silly audit   wrappy: [ '1.0.2' ],
21 silly audit   ws: [ '8.18.3' ],
21 silly audit   'xmlhttprequest-ssl': [ '2.1.2' ],
21 silly audit   y18n: [ '5.0.8' ],
21 silly audit   yallist: [ '3.1.1' ],
21 silly audit   yargs: [ '17.7.2' ],
21 silly audit   'yargs-parser': [ '21.1.1' ],
21 silly audit   yauzl: [ '2.10.0' ],
21 silly audit   electron: [ '33.4.11' ]
21 silly audit }
22 http cache electron@https://registry.npmjs.org/electron/-/electron-33.4.11.tgz 0ms (cache hit)
23 info run electron@33.4.11 postinstall node_modules/electron node install.js
24 info run electron@33.4.11 postinstall { code: 0, signal: null }
25 http fetch POST 200 https://registry.npmjs.org/-/npm/v1/security/advisories/bulk 290ms
26 silly audit report {
26 silly audit report   axios: [
26 silly audit report     {
26 silly audit report       id: 1118607,
26 silly audit report       url: 'https://github.com/advisories/GHSA-q8qp-cvcw-x6jj',
26 silly audit report       title: 'Axios has prototype pollution read-side gadgets in HTTP adapter that allow credential injection and request hijacking',
26 silly audit report       severity: 'high',
26 silly audit report       vulnerable_versions: '>=1.0.0 <1.15.2',
26 silly audit report       cwe: [Array],
26 silly audit report       cvss: [Object]
26 silly audit report     },
26 silly audit report     {
26 silly audit report       id: 1119404,
26 silly audit report       url: 'https://github.com/advisories/GHSA-fvcv-3m26-pcqx',
26 silly audit report       title: 'Axios has Unrestricted Cloud Metadata Exfiltration via Header Injection Chain',
26 silly audit report       severity: 'moderate',
26 silly audit report       vulnerable_versions: '>=1.0.0 <1.15.0',
26 silly audit report       cwe: [Array],
26 silly audit report       cvss: [Object]
26 silly audit report     },
26 silly audit report     {
26 silly audit report       id: 1119667,
26 silly audit report       url: 'https://github.com/advisories/GHSA-pjwm-pj3p-43mv',
26 silly audit report       title: "axios's shouldBypassProxy does not recognize IPv4-mapped IPv6 addresses, allowing NO_PROXY bypass (incomplete fix for CVE-2025-62718)",
26 silly audit report       severity: 'high',
26 silly audit report       vulnerable_versions: '>=1.0.0 <1.16.0',
26 silly audit report       cwe: [Array],
26 silly audit report       cvss: [Object]
26 silly audit report     },
26 silly audit report     {
26 silly audit report       id: 1119669,
26 silly audit report       url: 'https://github.com/advisories/GHSA-898c-q2cr-xwhg',
26 silly audit report       title: 'axios has DoS & Header Injection via Prototype Pollution Read-Side Gadgets in axios merge functions',
26 silly audit report       severity: 'moderate',
26 silly audit report       vulnerable_versions: '>=1.0.0 <1.16.0',
26 silly audit report       cwe: [Array],
26 silly audit report       cvss: [Object]
26 silly audit report     },
26 silly audit report     {
26 silly audit report       id: 1119674,
26 silly audit report       url: 'https://github.com/advisories/GHSA-3g43-6gmg-66jw',
26 silly audit report       title: 'axios Vulnerable to Credential Theft and Response Hijacking via Prototype Pollution Gadget in Config Merge',
26 silly audit report       severity: 'high',
26 silly audit report       vulnerable_versions: '>=1.0.0 <1.15.2',
26 silly audit report       cwe: [Array],
26 silly audit report       cvss: [Object]
26 silly audit report     },
26 silly audit report     {
26 silly audit report       id: 1119675,
26 silly audit report       url: 'https://github.com/advisories/GHSA-35jp-ww65-95wh',
26 silly audit report       title: 'axios Vulnerable to Full Man-in-the-Middle via Prototype Pollution Gadget in `config.proxy`',
26 silly audit report       severity: 'high',
26 silly audit report       vulnerable_versions: '>=1.0.0 <1.16.0',
26 silly audit report       cwe: [Array],
26 silly audit report       cvss: [Object]
26 silly audit report     },
26 silly audit report     {
26 silly audit report       id: 1120073,
26 silly audit report       url: 'https://github.com/advisories/GHSA-hfxv-24rg-xrqf',
26 silly audit report       title: 'Axios: Regular Expression Denial of Service (ReDoS) via Cookie Name Injection',
26 silly audit report       severity: 'high',
26 silly audit report       vulnerable_versions: '>=1.0.0 <1.16.0',
26 silly audit report       cwe: [Array],
26 silly audit report       cvss: [Object]
26 silly audit report     },
26 silly audit report     {
26 silly audit report       id: 1120074,
26 silly audit report       url: 'https://github.com/advisories/GHSA-777c-7fjr-54vf',
26 silly audit report       title: 'Allocation of Resources Without Limits or Throttling in Axios',
26 silly audit report       severity: 'high',
26 silly audit report       vulnerable_versions: '>=1.7.0 <1.16.0',
26 silly audit report       cwe: [Array],
26 silly audit report       cvss: [Object]
26 silly audit report     },
26 silly audit report     {
26 silly audit report       id: 1120076,
26 silly audit report       url: 'https://github.com/advisories/GHSA-p92q-9vqr-4j8v',
26 silly audit report       title: 'Axios: Proxy-Authorization Credential Leak to Origin Server Across HTTP-to-HTTPS Redirect in Axios Node.js HTTP Adapter',
26 silly audit report       severity: 'high',
26 silly audit report       vulnerable_versions: '>=1.0.0 <1.16.0',
26 silly audit report       cwe: [Array],
26 silly audit report       cvss: [Object]
26 silly audit report     },
26 silly audit report     {
26 silly audit report       id: 1120078,
26 silly audit report       url: 'https://github.com/advisories/GHSA-j5f8-grm9-p9fc',
26 silly audit report       title: 'Axios: Proxy-Authorization header leaks to redirect target when proxy is re-evaluated to direct connection',
26 silly audit report       severity: 'high',
26 silly audit report       vulnerable_versions: '>=1.0.0 <1.16.0',
26 silly audit report       cwe: [Array],
26 silly audit report       cvss: [Object]
26 silly audit report     },
26 silly audit report     {
26 silly audit report       id: 1116673,
26 silly audit report       url: 'https://github.com/advisories/GHSA-3p68-rc4w-qgx5',
26 silly audit report       title: 'Axios has a NO_PROXY Hostname Normalization Bypass that Leads to SSRF',
26 silly audit report       severity: 'moderate',
26 silly audit report       vulnerable_versions: '>=1.0.0 <1.15.0',
26 silly audit report       cwe: [Array],
26 silly audit report       cvss: [Object]
26 silly audit report     },
26 silly audit report     {
26 silly audit report       id: 1117574,
26 silly audit report       url: 'https://github.com/advisories/GHSA-w9j2-pvgh-6h63',
26 silly audit report       title: 'Axios: Authentication Bypass via Prototype Pollution Gadget in `validateStatus` Merge Strategy',
26 silly audit report       severity: 'moderate',
26 silly audit report       vulnerable_versions: '>=1.0.0 <1.15.1',
26 silly audit report       cwe: [Array],
26 silly audit report       cvss: [Object]
26 silly audit report     },
26 silly audit report     {
26 silly audit report       id: 1117576,
26 silly audit report       url: 'https://github.com/advisories/GHSA-pmwg-cvhr-8vh7',
26 silly audit report       title: 'Axios: Incomplete Fix for CVE-2025-62718 — NO_PROXY Protection Bypassed via RFC 1122 Loopback Subnet (127.0.0.0/8) in Axios 1.15.0',
26 silly audit report       severity: 'high',
26 silly audit report       vulnerable_versions: '>=1.0.0 <1.15.1',
26 silly audit report       cwe: [Array],
26 silly audit report       cvss: [Object]
26 silly audit report     },
26 silly audit report     {
26 silly audit report       id: 1117577,
26 silly audit report       url: 'https://github.com/advisories/GHSA-3w6x-2g7m-8v23',
26 silly audit report       title: 'Axios: Invisible JSON Response Tampering via Prototype Pollution Gadget in `parseReviver`',
26 silly audit report       severity: 'moderate',
26 silly audit report       vulnerable_versions: '>=1.0.0 <1.15.2',
26 silly audit report       cwe: [Array],
26 silly audit report       cvss: [Object]
26 silly audit report     },
26 silly audit report     {
26 silly audit report       id: 1117580,
26 silly audit report       url: 'https://github.com/advisories/GHSA-xhjh-pmcv-23jw',
26 silly audit report       title: 'Axios: Null Byte Injection via Reverse-Encoding in AxiosURLSearchParams',
26 silly audit report       severity: 'low',
26 silly audit report       vulnerable_versions: '>=1.0.0 <1.15.1',
26 silly audit report       cwe: [Array],
26 silly audit report       cvss: [Object]
26 silly audit report     },
26 silly audit report     {
26 silly audit report       id: 1117581,
26 silly audit report       url: 'https://github.com/advisories/GHSA-445q-vr5w-6q77',
26 silly audit report       title: 'Axios: CRLF Injection in multipart/form-data body via unsanitized blob.type in formDataToStream',
26 silly audit report       severity: 'moderate',
26 silly audit report       vulnerable_versions: '>=1.0.0 <1.15.1',
26 silly audit report       cwe: [Array],
26 silly audit report       cvss: [Object]
26 silly audit report     },
26 silly audit report     {
26 silly audit report       id: 1117583,
26 silly audit report       url: 'https://github.com/advisories/GHSA-m7pr-hjqh-92cm',
26 silly audit report       title: 'Axios: no_proxy bypass via IP alias allows SSRF',
26 silly audit report       severity: 'moderate',
26 silly audit report       vulnerable_versions: '>=1.0.0 <1.15.1',
26 silly audit report       cwe: [Array],
26 silly audit report       cvss: [Object]
26 silly audit report     },
26 silly audit report     {
26 silly audit report       id: 1117585,
26 silly audit report       url: 'https://github.com/advisories/GHSA-62hf-57xw-28j9',
26 silly audit report       title: 'Axios: unbounded recursion in toFormData causes DoS via deeply nested request data',
26 silly audit report       severity: 'moderate',
26 silly audit report       vulnerable_versions: '>=1.0.0 <1.15.1',
26 silly audit report       cwe: [Array],
26 silly audit report       cvss: [Object]
26 silly audit report     },
26 silly audit report     {
26 silly audit report       id: 1117587,
26 silly audit report       url: 'https://github.com/advisories/GHSA-5c9x-8gcm-mpgx',
26 silly audit report       title: "Axios' HTTP adapter-streamed uploads bypass maxBodyLength when maxRedirects: 0",
26 silly audit report       severity: 'moderate',
26 silly audit report       vulnerable_versions: '>=1.0.0 <1.15.1',
26 silly audit report       cwe: [Array],
26 silly audit report       cvss: [Object]
26 silly audit report     },
26 silly audit report     {
26 silly audit report       id: 1117589,
26 silly audit report       url: 'https://github.com/advisories/GHSA-vf2m-468p-8v99',
26 silly audit report       title: 'Axios: HTTP adapter streamed responses bypass maxContentLength',
26 silly audit report       severity: 'moderate',
26 silly audit report       vulnerable_versions: '>=1.0.0 <1.15.1',
26 silly audit report       cwe: [Array],
26 silly audit report       cvss: [Object]
26 silly audit report     },
26 silly audit report     {
26 silly audit report       id: 1117591,
26 silly audit report       url: 'https://github.com/advisories/GHSA-pf86-5x62-jrwf',
26 silly audit report       title: 'Axios: Prototype Pollution Gadgets - Response Tampering, Data Exfiltration, and Request Hijacking',
26 silly audit report       severity: 'high',
26 silly audit report       vulnerable_versions: '>=1.0.0 <1.15.1',
26 silly audit report       cwe: [Array],
26 silly audit report       cvss: [Object]
26 silly audit report     },
26 silly audit report     {
26 silly audit report       id: 1117593,
26 silly audit report       url: 'https://github.com/advisories/GHSA-6chq-wfr3-2hj9',
26 silly audit report       title: 'Axios: Header Injection via Prototype Pollution',
26 silly audit report       severity: 'high',
26 silly audit report       vulnerable_versions: '>=1.0.0 <1.15.1',
26 silly audit report       cwe: [Array],
26 silly audit report       cvss: [Object]
26 silly audit report     },
26 silly audit report     {
26 silly audit report       id: 1117595,
26 silly audit report       url: 'https://github.com/advisories/GHSA-xx6v-rp6x-q39c',
26 silly audit report       title: 'Axios: XSRF Token Cross-Origin Leakage via Prototype Pollution Gadget in `withXSRFToken` Boolean Coercion',
26 silly audit report       severity: 'moderate',
26 silly audit report       vulnerable_versions: '>=1.0.0 <1.15.1',
26 silly audit report       cwe: [Array],
26 silly audit report       cvss: [Object]
26 silly audit report     }
26 silly audit report   ],
26 silly audit report   'follow-redirects': [
26 silly audit report     {
26 silly audit report       id: 1116560,
26 silly audit report       url: 'https://github.com/advisories/GHSA-r4q5-vmmm-2653',
26 silly audit report       title: 'follow-redirects leaks Custom Authentication Headers to Cross-Domain Redirect Targets',
26 silly audit report       severity: 'moderate',
26 silly audit report       vulnerable_versions: '<=1.15.11',
26 silly audit report       cwe: [Array],
26 silly audit report       cvss: [Object]
26 silly audit report     }
26 silly audit report   ],
26 silly audit report   lodash: [
26 silly audit report     {
26 silly audit report       id: 1115806,
26 silly audit report       url: 'https://github.com/advisories/GHSA-r5fr-rjxr-66jc',
26 silly audit report       title: 'lodash vulnerable to Code Injection via `_.template` imports key names',
26 silly audit report       severity: 'high',
26 silly audit report       vulnerable_versions: '>=4.0.0 <=4.17.23',
26 silly audit report       cwe: [Array],
26 silly audit report       cvss: [Object]
26 silly audit report     },
26 silly audit report     {
26 silly audit report       id: 1115810,
26 silly audit report       url: 'https://github.com/advisories/GHSA-f23m-r3pf-42rh',
26 silly audit report       title: 'lodash vulnerable to Prototype Pollution via array path bypass in `_.unset` and `_.omit`',
26 silly audit report       severity: 'moderate',
26 silly audit report       vulnerable_versions: '<=4.17.23',
26 silly audit report       cwe: [Array],
26 silly audit report       cvss: [Object]
26 silly audit report     }
26 silly audit report   ],
26 silly audit report   picomatch: [
26 silly audit report     {
26 silly audit report       id: 1115551,
26 silly audit report       url: 'https://github.com/advisories/GHSA-3v7f-55p6-f55p',
26 silly audit report       title: 'Picomatch: Method Injection in POSIX Character Classes causes incorrect Glob Matching',
26 silly audit report       severity: 'moderate',
26 silly audit report       vulnerable_versions: '>=4.0.0 <4.0.4',
26 silly audit report       cwe: [Array],
26 silly audit report       cvss: [Object]
26 silly audit report     },
26 silly audit report     {
26 silly audit report       id: 1115554,
26 silly audit report       url: 'https://github.com/advisories/GHSA-c2c7-rcm5-vvqj',
26 silly audit report       title: 'Picomatch has a ReDoS vulnerability via extglob quantifiers',
26 silly audit report       severity: 'high',
26 silly audit report       vulnerable_versions: '>=4.0.0 <4.0.4',
26 silly audit report       cwe: [Array],
26 silly audit report       cvss: [Object]
26 silly audit report     }
26 silly audit report   ],
26 silly audit report   postcss: [
26 silly audit report     {
26 silly audit report       id: 1117015,
26 silly audit report       url: 'https://github.com/advisories/GHSA-qx2v-qp2m-jg93',
26 silly audit report       title: 'PostCSS has XSS via Unescaped </style> in its CSS Stringify Output',
26 silly audit report       severity: 'moderate',
26 silly audit report       vulnerable_versions: '<8.5.10',
26 silly audit report       cwe: [Array],
26 silly audit report       cvss: [Object]
26 silly audit report     }
26 silly audit report   ],
26 silly audit report   rollup: [
26 silly audit report     {
26 silly audit report       id: 1113515,
26 silly audit report       url: 'https://github.com/advisories/GHSA-mw96-cpmx-2vgc',
26 silly audit report       title: 'Rollup 4 has Arbitrary File Write via Path Traversal',
26 silly audit report       severity: 'high',
26 silly audit report       vulnerable_versions: '>=4.0.0 <4.59.0',
26 silly audit report       cwe: [Array],
26 silly audit report       cvss: [Object]
26 silly audit report     }
26 silly audit report   ],
26 silly audit report   'socket.io-parser': [
26 silly audit report     {
26 silly audit report       id: 1115154,
26 silly audit report       url: 'https://github.com/advisories/GHSA-677m-j7p3-52f9',
26 silly audit report       title: 'socket.io allows an unbounded number of binary attachments',
26 silly audit report       severity: 'high',
26 silly audit report       vulnerable_versions: '>=4.0.0 <4.2.6',
26 silly audit report       cwe: [Array],
26 silly audit report       cvss: [Object]
26 silly audit report     }
26 silly audit report   ],
26 silly audit report   vite: [
26 silly audit report     {
26 silly audit report       id: 1116229,
26 silly audit report       url: 'https://github.com/advisories/GHSA-4w7w-66w2-5vf9',
26 silly audit report       title: 'Vite Vulnerable to Path Traversal in Optimized Deps `.map` Handling',
26 silly audit report       severity: 'moderate',
26 silly audit report       vulnerable_versions: '<=6.4.1',
26 silly audit report       cwe: [Array],
26 silly audit report       cvss: [Object]
26 silly audit report     },
26 silly audit report     {
26 silly audit report       id: 1116234,
26 silly audit report       url: 'https://github.com/advisories/GHSA-p9ff-h696-f583',
26 silly audit report       title: 'Vite Vulnerable to Arbitrary File Read via Vite Dev Server WebSocket',
26 silly audit report       severity: 'high',
26 silly audit report       vulnerable_versions: '>=6.0.0 <=6.4.1',
26 silly audit report       cwe: [Array],
26 silly audit report       cvss: [Object]
26 silly audit report     }
26 silly audit report   ],
26 silly audit report   ws: [
26 silly audit report     {
26 silly audit report       id: 1119108,
26 silly audit report       url: 'https://github.com/advisories/GHSA-58qx-3vcg-4xpx',
26 silly audit report       title: 'ws: Uninitialized memory disclosure',
26 silly audit report       severity: 'moderate',
26 silly audit report       vulnerable_versions: '>=8.0.0 <8.20.1',
26 silly audit report       cwe: [Array],
26 silly audit report       cvss: [Object]
26 silly audit report     }
26 silly audit report   ],
26 silly audit report   electron: [
26 silly audit report     {
26 silly audit report       id: 1107272,
26 silly audit report       url: 'https://github.com/advisories/GHSA-vmqv-hx8q-j7mg',
26 silly audit report       title: 'Electron has ASAR Integrity Bypass via resource modification',
26 silly audit report       severity: 'moderate',
26 silly audit report       vulnerable_versions: '<35.7.5',
26 silly audit report       cwe: [Array],
26 silly audit report       cvss: [Object]
26 silly audit report     },
26 silly audit report     {
26 silly audit report       id: 1116041,
26 silly audit report       url: 'https://github.com/advisories/GHSA-5rqw-r77c-jp79',
26 silly audit report       title: 'Electron: AppleScript injection in app.moveToApplicationsFolder on macOS',
26 silly audit report       severity: 'moderate',
26 silly audit report       vulnerable_versions: '<38.8.6',
26 silly audit report       cwe: [Array],
26 silly audit report       cvss: [Object]
26 silly audit report     },
26 silly audit report     {
26 silly audit report       id: 1116045,
26 silly audit report       url: 'https://github.com/advisories/GHSA-xj5x-m3f3-5x3h',
26 silly audit report       title: 'Electron: Service worker can spoof executeJavaScript IPC replies',
26 silly audit report       severity: 'moderate',
26 silly audit report       vulnerable_versions: '<38.8.6',
26 silly audit report       cwe: [Array],
26 silly audit report       cvss: [Object]
26 silly audit report     },
26 silly audit report     {
26 silly audit report       id: 1116049,
26 silly audit report       url: 'https://github.com/advisories/GHSA-r5p7-gp4j-qhrx',
26 silly audit report       title: 'Electron: Incorrect origin passed to permission request handler for iframe requests',
26 silly audit report       severity: 'moderate',
26 silly audit report       vulnerable_versions: '<38.8.6',
26 silly audit report       cwe: [Array],
26 silly audit report       cvss: [Object]
26 silly audit report     },
26 silly audit report     {
26 silly audit report       id: 1116053,
26 silly audit report       url: 'https://github.com/advisories/GHSA-3c8v-cfp5-9885',
26 silly audit report       title: 'Electron: Out-of-bounds read in second-instance IPC on macOS and Linux',
26 silly audit report       severity: 'moderate',
26 silly audit report       vulnerable_versions: '<38.8.6',
26 silly audit report       cwe: [Array],
26 silly audit report       cvss: [Object]
26 silly audit report     },
26 silly audit report     {
26 silly audit report       id: 1116057,
26 silly audit report       url: 'https://github.com/advisories/GHSA-xwr5-m59h-vwqr',
26 silly audit report       title: 'Electron: nodeIntegrationInWorker not correctly scoped in shared renderer processes',
26 silly audit report       severity: 'moderate',
26 silly audit report       vulnerable_versions: '<38.8.6',
26 silly audit report       cwe: [Array],
26 silly audit report       cvss: [Object]
26 silly audit report     },
26 silly audit report     {
26 silly audit report       id: 1116060,
26 silly audit report       url: 'https://github.com/advisories/GHSA-532v-xpq5-8h95',
26 silly audit report       title: 'Electron: Use-after-free in offscreen child window paint callback',
26 silly audit report       severity: 'high',
26 silly audit report       vulnerable_versions: '<39.8.1',
26 silly audit report       cwe: [Array],
26 silly audit report       cvss: [Object]
26 silly audit report     },
26 silly audit report     {
26 silly audit report       id: 1116064,
26 silly audit report       url: 'https://github.com/advisories/GHSA-mwmh-mq4g-g6gr',
26 silly audit report       title: 'Electron: Registry key path injection in app.setAsDefaultProtocolClient on Windows',
26 silly audit report       severity: 'moderate',
26 silly audit report       vulnerable_versions: '<38.8.6',
26 silly audit report       cwe: [Array],
26 silly audit report       cvss: [Object]
26 silly audit report     },
26 silly audit report     {
26 silly audit report       id: 1116068,
26 silly audit report       url: 'https://github.com/advisories/GHSA-9w97-2464-8783',
26 silly audit report       title: 'Electron: Use-after-free in download save dialog callback',
26 silly audit report       severity: 'moderate',
26 silly audit report       vulnerable_versions: '<38.8.6',
26 silly audit report       cwe: [Array],
26 silly audit report       cvss: [Object]
26 silly audit report     },
26 silly audit report     {
26 silly audit report       id: 1116072,
26 silly audit report       url: 'https://github.com/advisories/GHSA-8337-3p73-46f4',
26 silly audit report       title: 'Electron: Use-after-free in WebContents fullscreen, pointer-lock, and keyboard-lock permission callbacks',
26 silly audit report       severity: 'high',
26 silly audit report       vulnerable_versions: '<38.8.6',
26 silly audit report       cwe: [Array],
26 silly audit report       cvss: [Object]
26 silly audit report     },
26 silly audit report     {
26 silly audit report       id: 1116076,
26 silly audit report       url: 'https://github.com/advisories/GHSA-jjp3-mq3x-295m',
26 silly audit report       title: 'Electron: Use-after-free in PowerMonitor on Windows and macOS',
26 silly audit report       severity: 'high',
26 silly audit report       vulnerable_versions: '<38.8.6',
26 silly audit report       cwe: [Array],
26 silly audit report       cvss: [Object]
26 silly audit report     },
26 silly audit report     {
26 silly audit report       id: 1116084,
26 silly audit report       url: 'https://github.com/advisories/GHSA-jfqx-fxh3-c62j',
26 silly audit report       title: 'Electron: Unquoted executable path in app.setLoginItemSettings on Windows',
26 silly audit report       severity: 'low',
26 silly audit report       vulnerable_versions: '<38.8.6',
26 silly audit report       cwe: [Array],
26 silly audit report       cvss: [Object]
26 silly audit report     },
26 silly audit report     {
26 silly audit report       id: 1116088,
26 silly audit report       url: 'https://github.com/advisories/GHSA-4p4r-m79c-wq3v',
26 silly audit report       title: 'Electron: HTTP Response Header Injection in custom protocol handlers and webRequest',
26 silly audit report       severity: 'moderate',
26 silly audit report       vulnerable_versions: '<38.8.6',
26 silly audit report       cwe: [Array],
26 silly audit report       cvss: [Object]
26 silly audit report     },
26 silly audit report     {
26 silly audit report       id: 1116092,
26 silly audit report       url: 'https://github.com/advisories/GHSA-9899-m83m-qhpj',
26 silly audit report       title: 'Electron: USB device selection not validated against filtered device list',
26 silly audit report       severity: 'low',
26 silly audit report       vulnerable_versions: '<38.8.6',
26 silly audit report       cwe: [Array],
26 silly audit report       cvss: [Object]
26 silly audit report     },
26 silly audit report     {
26 silly audit report       id: 1116111,
26 silly audit report       url: 'https://github.com/advisories/GHSA-8x5q-pvf5-64mp',
26 silly audit report       title: 'Electron: Use-after-free in offscreen shared texture release() callback',
26 silly audit report       severity: 'low',
26 silly audit report       vulnerable_versions: '>=33.0.0-alpha.1 <39.8.5',
26 silly audit report       cwe: [Array],
26 silly audit report       cvss: [Object]
26 silly audit report     },
26 silly audit report     {
26 silly audit report       id: 1116259,
26 silly audit report       url: 'https://github.com/advisories/GHSA-f37v-82c4-4x64',
26 silly audit report       title: 'Electron: Crash in clipboard.readImage() on malformed clipboard image data',
26 silly audit report       severity: 'low',
26 silly audit report       vulnerable_versions: '<39.8.5',
26 silly audit report       cwe: [Array],
26 silly audit report       cvss: [Object]
26 silly audit report     },
26 silly audit report     {
26 silly audit report       id: 1116320,
26 silly audit report       url: 'https://github.com/advisories/GHSA-f3pv-wv63-48x8',
26 silly audit report       title: "Electron: Named window.open targets not scoped to the opener's browsing context",
26 silly audit report       severity: 'moderate',
26 silly audit report       vulnerable_versions: '<39.8.5',
26 silly audit report       cwe: [Array],
26 silly audit report       cvss: [Object]
26 silly audit report     },
26 silly audit report     {
26 silly audit report       id: 1117459,
26 silly audit report       url: 'https://github.com/advisories/GHSA-9wfr-w7mm-pc7f',
26 silly audit report       title: 'Electron: Renderer command-line switch injection via undocumented commandLineSwitches webPreference',
26 silly audit report       severity: 'high',
26 silly audit report       vulnerable_versions: '<38.8.6',
26 silly audit report       cwe: [Array],
26 silly audit report       cvss: [Object]
26 silly audit report     }
26 silly audit report   ]
26 silly audit report }
27 silly packumentCache corgi:https://registry.npmjs.org/axios cache-miss
28 silly packumentCache corgi:https://registry.npmjs.org/follow-redirects cache-miss
29 silly packumentCache corgi:https://registry.npmjs.org/lodash cache-miss
30 silly packumentCache corgi:https://registry.npmjs.org/picomatch cache-miss
31 silly packumentCache corgi:https://registry.npmjs.org/postcss cache-miss
32 silly packumentCache corgi:https://registry.npmjs.org/rollup cache-miss
33 silly packumentCache corgi:https://registry.npmjs.org/socket.io-parser cache-miss
34 silly packumentCache corgi:https://registry.npmjs.org/vite cache-miss
35 silly packumentCache corgi:https://registry.npmjs.org/ws cache-miss
36 silly packumentCache corgi:https://registry.npmjs.org/electron cache-miss
37 http fetch GET 200 https://registry.npmjs.org/follow-redirects 67ms (cache revalidated)
38 silly packumentCache corgi:https://registry.npmjs.org/follow-redirects set size:88479 disposed:false
39 http fetch GET 200 https://registry.npmjs.org/postcss 73ms (cache revalidated)
40 silly packumentCache corgi:https://registry.npmjs.org/postcss set size:344717 disposed:false
41 http fetch GET 200 https://registry.npmjs.org/picomatch 301ms (cache revalidated)
42 silly packumentCache corgi:https://registry.npmjs.org/picomatch set size:44414 disposed:false
43 http fetch GET 200 https://registry.npmjs.org/electron 332ms (cache revalidated)
44 silly packumentCache corgi:https://registry.npmjs.org/electron set size:1993246 disposed:false
45 http fetch GET 200 https://registry.npmjs.org/socket.io-parser 449ms (cache revalidated)
46 silly packumentCache corgi:https://registry.npmjs.org/socket.io-parser set size:66292 disposed:false
47 http fetch GET 200 https://registry.npmjs.org/lodash 451ms (cache revalidated)
48 silly packumentCache corgi:https://registry.npmjs.org/lodash set size:69555 disposed:false
49 http fetch GET 200 https://registry.npmjs.org/vite 453ms (cache revalidated)
50 silly packumentCache corgi:https://registry.npmjs.org/vite set size:2261551 disposed:false
51 http fetch GET 200 https://registry.npmjs.org/axios 465ms (cache revalidated)
52 silly packumentCache corgi:https://registry.npmjs.org/axios set size:292409 disposed:false
53 http fetch GET 200 https://registry.npmjs.org/ws 468ms (cache revalidated)
54 silly packumentCache corgi:https://registry.npmjs.org/ws set size:199711 disposed:false
55 http fetch GET 200 https://registry.npmjs.org/rollup 472ms (cache revalidated)
56 silly packumentCache corgi:https://registry.npmjs.org/rollup set size:2576909 disposed:false
57 silly packumentCache corgi:https://registry.npmjs.org/wait-on cache-miss
58 http fetch GET 200 https://registry.npmjs.org/wait-on 266ms (cache revalidated)
59 silly packumentCache corgi:https://registry.npmjs.org/wait-on set size:84889 disposed:false
60 silly packumentCache corgi:https://registry.npmjs.org/fdir cache-miss
61 silly packumentCache corgi:https://registry.npmjs.org/tinyglobby cache-miss
62 http fetch GET 200 https://registry.npmjs.org/fdir 21ms (cache revalidated)
63 silly packumentCache corgi:https://registry.npmjs.org/fdir set size:76905 disposed:false
64 http fetch GET 200 https://registry.npmjs.org/tinyglobby 303ms (cache revalidated)
65 silly packumentCache corgi:https://registry.npmjs.org/tinyglobby set size:19921 disposed:false
66 silly packumentCache corgi:https://registry.npmjs.org/socket.io-client cache-miss
67 http fetch GET 200 https://registry.npmjs.org/socket.io-client 297ms (cache revalidated)
68 silly packumentCache corgi:https://registry.npmjs.org/socket.io-client set size:195399 disposed:false
69 silly packumentCache corgi:https://registry.npmjs.org/@vitejs%2fplugin-react cache-miss
70 http fetch GET 200 https://registry.npmjs.org/@vitejs%2fplugin-react 716ms (cache revalidated)
71 silly packumentCache corgi:https://registry.npmjs.org/@vitejs%2fplugin-react set size:113751 disposed:false
72 silly packumentCache corgi:https://registry.npmjs.org/engine.io-client cache-miss
73 http fetch GET 200 https://registry.npmjs.org/engine.io-client 289ms (cache revalidated)
74 silly packumentCache corgi:https://registry.npmjs.org/engine.io-client set size:223757 disposed:false
75 silly ADD node_modules/electron
76 verbose cwd /Users/arnav/Documents/DristiOS-main/visualizer
77 verbose os Darwin 25.2.0
78 verbose node v24.16.0
79 verbose npm  v11.13.0
80 verbose exit 0
81 info ok
